0.000 RE_Kenshi: RE_Kenshi 0.3.5
0.000 RE_Kenshi: UEF registered successfully
0.002 RE_Kenshi: Loading settings file...
0.002 RE_Kenshi: Saving settings...
0.003 KenshiLib: KenshiLib 0.5.1
0.003 RE_Kenshi: Checking latest version...
0.004 KenshiLib: RVAs loaded
0.139 RE_Kenshi: VirtualAlloc2 found.
0.140 RE_Kenshi: Shader cache load start
0.154 RE_Kenshi: Shader cache loaded successfully, 189 cached shaders
0.626 RE_Kenshi: Finished synchronous init stage
0.626 RE_Kenshi: Waiting for mod setup.
1.484 RE_Kenshi: Latest public release: v0.3.5
1.484 RE_Kenshi: We are up to date.
1.807 RE_Kenshi: Loading preload plugins...
1.822 RE_Kenshi: 420_Races -> SmokingRaces.dll
1.945 SmokingRaces: 420 Races: conditional registration hook installed
31.254 RE_Kenshi: First shader compile request
31.662 RE_Kenshi: Queueing Boot_Up_Game event
32.533 SmokingRaces: 420 Races: applied to 0 existing supported races; absent races skipped
32.660 RE_Kenshi: Load mod hook
32.660 RE_Kenshi: Loading post-load plugins...
32.661 RE_Kenshi: 420_Smoking_RE -> SmokingSmoke.dll
33.182 RE_Kenshi: 420 Smoke: hooks installed; exhale window [8,11) seconds
33.182 RE_Kenshi: Registering LoadingListener
33.182 RE_Kenshi: Loading mod overrides from "420_Smoking_RE"...
33.182 RE_Kenshi: Loading mod overrides from "420_Races"...
33.183 RE_Kenshi: Loading init bank Init.bnk 1
33.259 RE_Kenshi: Force triggering Boot_Up_Game
33.413 RE_Kenshi: Heightmap hooks queued...
33.413 RE_Kenshi: Opening fast heightmap...
33.419 RE_Kenshi: Fast heightmap mapped!
53.308 RE_Kenshi: Main menu loaded.
53.308 RE_Kenshi: Kenshi version: 1.0.65
53.308 RE_Kenshi: Kenshi platform: Steam
53.308 RE_Kenshi: Version supported.
Error 53.308 RE_Kenshi: Could not initialize UI
69.362 RE_Kenshi: Main menu loaded.
69.362 RE_Kenshi: Kenshi version: 1.0.65
69.362 RE_Kenshi: Kenshi platform: Steam
69.362 RE_Kenshi: Version supported.
Error 69.362 RE_Kenshi: Could not initialize UI
