Blender 4.5.13 LTS (hash daeeeca98fb0 built 2026-08-25 01:50:50)
loop:114810 vertex:20423
reduce 94387 vertices.
Terminate Serializer
Warning: Path 'C:\Program Files\Blender Foundation\Blender 4.5\4.5\datafiles\assets\brushes\essentials_brushes-gp_draw.blend' cannot be made relative for Material 'Dots Stroke'
Warning: Path 'C:\Program Files\Blender Foundation\Blender 4.5\4.5\datafiles\assets\brushes\essentials_brushes-gp_draw.blend' cannot be made relative for Material 'Material'
Fra:1 Mem:14.38M (Peak 15.12M) | Time:00:00.00 | Mem:0.00M, Peak:0.00M | Scene, ViewLayer | Synchronizing object | 420_beanbag
Fra:1 Mem:14.38M (Peak 15.12M) | Time:00:00.00 | Mem:0.00M, Peak:0.00M | Scene, ViewLayer | Synchronizing object | Area.001
Fra:1 Mem:17.34M (Peak 17.34M) | Time:00:00.00 | Mem:0.00M, Peak:0.00M | Scene, ViewLayer | Initializing
Fra:1 Mem:17.13M (Peak 17.34M) | Time:00:00.00 | Mem:0.00M, Peak:0.00M | Scene, ViewLayer | Waiting for render to start
Fra:1 Mem:17.13M (Peak 17.34M) | Time:00:00.00 | Mem:0.00M, Peak:0.00M | Scene, ViewLayer | Updating Scene
Fra:1 Mem:17.13M (Peak 17.34M) | Time:00:00.00 | Mem:0.00M, Peak:0.00M | Scene, ViewLayer | Updating Shaders
Fra:1 Mem:17.14M (Peak 17.34M) | Time:00:00.00 | Mem:0.00M, Peak:0.00M | Scene, ViewLayer | Loading render kernels (may take a few minutes the first time)
Fra:1 Mem:17.22M (Peak 17.34M) | Time:00:00.00 | Mem:0.00M, Peak:0.00M | Scene, ViewLayer | Updating Procedurals
Fra:1 Mem:17.22M (Peak 17.34M) | Time:00:00.00 | Mem:0.00M, Peak:0.00M | Scene, ViewLayer | Updating Background
Fra:1 Mem:17.22M (Peak 17.34M) | Time:00:00.00 | Mem:0.00M, Peak:0.00M | Scene, ViewLayer | Updating Camera
Fra:1 Mem:17.22M (Peak 17.34M) | Time:00:00.00 | Mem:0.00M, Peak:0.00M | Scene, ViewLayer | Updating Meshes Flags
Fra:1 Mem:17.22M (Peak 17.34M) | Time:00:00.00 | Mem:0.00M, Peak:0.00M | Scene, ViewLayer | Updating Objects
Fra:1 Mem:17.22M (Peak 17.34M) | Time:00:00.00 | Mem:0.00M, Peak:0.00M | Scene, ViewLayer | Updating Objects | Copying Transformations to device
Fra:1 Mem:17.22M (Peak 17.34M) | Time:00:00.00 | Mem:0.00M, Peak:0.00M | Scene, ViewLayer | Updating Particle Systems
Fra:1 Mem:17.22M (Peak 17.34M) | Time:00:00.00 | Mem:0.00M, Peak:0.00M | Scene, ViewLayer | Updating Particle Systems | Copying Particles to device
Fra:1 Mem:17.22M (Peak 17.34M) | Time:00:00.00 | Mem:0.00M, Peak:0.00M | Scene, ViewLayer | Updating Meshes
Fra:1 Mem:17.22M (Peak 17.34M) | Time:00:00.00 | Mem:0.00M, Peak:0.00M | Scene, ViewLayer | Updating Objects | Applying Static Transformations
Fra:1 Mem:17.22M (Peak 17.34M) | Time:00:00.00 | Mem:0.00M, Peak:0.00M | Scene, ViewLayer | Updating Mesh | Computing attributes
Fra:1 Mem:18.32M (Peak 18.32M) | Time:00:00.00 | Mem:0.00M, Peak:0.00M | Scene, ViewLayer | Updating Mesh | Copying Attributes to device
Fra:1 Mem:18.32M (Peak 18.32M) | Time:00:00.00 | Mem:1.10M, Peak:1.10M | Scene, ViewLayer | Updating Scene BVH | Building
Fra:1 Mem:18.32M (Peak 18.32M) | Time:00:00.00 | Mem:1.10M, Peak:1.10M | Scene, ViewLayer | Updating Scene BVH | Building BVH
Fra:1 Mem:18.32M (Peak 18.32M) | Time:00:00.00 | Mem:2.27M, Peak:2.27M | Scene, ViewLayer | Updating Scene BVH | Building BVH 0%
Fra:1 Mem:18.32M (Peak 18.32M) | Time:00:00.01 | Mem:3.66M, Peak:4.83M | Scene, ViewLayer | Updating Scene BVH | Copying BVH to device
Fra:1 Mem:18.32M (Peak 18.32M) | Time:00:00.01 | Mem:3.66M, Peak:4.83M | Scene, ViewLayer | Updating Mesh | Computing normals
Fra:1 Mem:19.34M (Peak 19.34M) | Time:00:00.01 | Mem:3.66M, Peak:4.83M | Scene, ViewLayer | Updating Mesh | Copying Mesh to device
Fra:1 Mem:19.34M (Peak 19.34M) | Time:00:00.01 | Mem:4.69M, Peak:4.83M | Scene, ViewLayer | Updating Objects Flags
Fra:1 Mem:19.34M (Peak 19.34M) | Time:00:00.01 | Mem:4.69M, Peak:4.83M | Scene, ViewLayer | Updating Primitive Offsets
Fra:1 Mem:19.34M (Peak 19.34M) | Time:00:00.01 | Mem:4.69M, Peak:4.83M | Scene, ViewLayer | Updating Images
Fra:1 Mem:19.34M (Peak 19.34M) | Time:00:00.01 | Mem:4.69M, Peak:4.83M | Scene, ViewLayer | Updating Images | Loading 420_beanbag_cloth.png
Fra:1 Mem:20.36M (Peak 20.36M) | Time:00:00.01 | Mem:5.69M, Peak:5.69M | Scene, ViewLayer | Updating Camera Volume
Fra:1 Mem:20.36M (Peak 20.36M) | Time:00:00.01 | Mem:5.69M, Peak:5.69M | Scene, ViewLayer | Updating Lookup Tables
Fra:1 Mem:20.36M (Peak 20.36M) | Time:00:00.01 | Mem:5.77M, Peak:5.77M | Scene, ViewLayer | Updating Lights
Fra:1 Mem:20.36M (Peak 20.36M) | Time:00:00.01 | Mem:5.77M, Peak:5.77M | Scene, ViewLayer | Updating Lights | Computing tree
Fra:1 Mem:20.36M (Peak 20.36M) | Time:00:00.01 | Mem:5.77M, Peak:5.77M | Scene, ViewLayer | Updating Integrator
Fra:1 Mem:20.36M (Peak 20.36M) | Time:00:00.01 | Mem:5.77M, Peak:5.77M | Scene, ViewLayer | Updating Film
Fra:1 Mem:20.36M (Peak 20.36M) | Time:00:00.01 | Mem:5.69M, Peak:5.77M | Scene, ViewLayer | Updating Lookup Tables
Fra:1 Mem:20.36M (Peak 20.36M) | Time:00:00.01 | Mem:5.78M, Peak:5.78M | Scene, ViewLayer | Updating Baking
Fra:1 Mem:20.36M (Peak 20.36M) | Time:00:00.01 | Mem:5.78M, Peak:5.78M | Scene, ViewLayer | Updating Device | Writing constant memory
Fra:1 Mem:20.36M (Peak 20.36M) | Time:00:00.01 | Mem:5.78M, Peak:5.78M | Scene, ViewLayer | Loading denoising kernels (may take a few minutes the first time)
Fra:1 Mem:20.36M (Peak 20.36M) | Time:00:00.01 | Mem:5.78M, Peak:5.78M | Scene, ViewLayer | Sample 0/24
Fra:1 Mem:85.78M (Peak 85.78M) | Time:00:00.14 | Remaining:00:02.86 | Mem:71.02M, Peak:71.02M | Scene, ViewLayer | Sample 1/24
Fra:1 Mem:113.25M (Peak 154.45M) | Time:00:07.34 | Mem:71.02M, Peak:71.02M | Scene, ViewLayer | Sample 24/24
Fra:1 Mem:113.25M (Peak 154.45M) | Time:00:07.34 | Mem:71.02M, Peak:71.02M | Scene, ViewLayer | Finished
Saved: 'E:\AI_Playground\420\qa\beanbag_preview.png'
Time: 00:07.59 (Saving: 00:00.24)

BlenderMCP: cannot start server in background mode (blender -b) - commands would never execute
BlenderMCP: run Blender with a GUI, or use a virtual display: xvfb-run -a blender
BlenderMCP addon registered
saving...
E:\AI_Playground\420\build\420_Smoking\assets\420_beanbag.mesh
Export mesh 420_beanbag
done.
func: save took 0.169
Info: Export successful
Info: Saved as "beanbag.blend"
BlenderMCP server stopped
BlenderMCP addon unregistered

Blender quit
