Blender 4.5.13 LTS (hash daeeeca98fb0 built 2026-08-25 01:50:50)
Terminate Serializer
Terminate Serializer
Terminate Serializer
Terminate Serializer
Terminate Serializer
Terminate Serializer
Terminate Serializer
BlenderMCP: cannot start server in background mode (blender -b) - commands would never execute
BlenderMCP: run Blender with a GUI, or use a virtual display: xvfb-run -a blender
BlenderMCP addon registered
loading C:\Program Files (x86)\Steam\steamapps\common\Kenshi\data\character\meshes\male_skeleton\male_skeleton.skeleton
Default bone length: 1.3618191003035276
Created bone 0 Bip01
Created bone 1 Bip01 Pelvis
Created bone 2 Bip01 L Thigh
Created bone 3 Bip01 L Calf
Created bone 4 Bip01 L Foot
Created bone 5 Bip01 L Toe0
Created bone 6 Bip01 L Toe0Nub
Created bone 7 Bip01 R Thigh
Created bone 8 Bip01 R Calf
Created bone 9 Bip01 R Foot
Created bone 10 Bip01 R Toe0
Created bone 11 Bip01 R Toe0Nub
Created bone 12 Bip01 Spine
Created bone 13 Bip01 Spine1
Created bone 14 Bip01 Spine2
Created bone 15 Bip01 L Clavicle
Created bone 16 Bip01 L UpperArm
Created bone 17 Bip01 L Forearm
Created bone 18 Bip01 L Hand
Created bone 19 Bip01 Prop1
Created bone 20 Bip01 Neck
Created bone 21 Bip01 Head
Created bone 22 Bip01 HeadNub
Created bone 23 Bip01 Jaw
Created bone 24 Bip01 JawNub
Created bone 25 Bip01 R Clavicle
Created bone 26 Bip01 R UpperArm
Created bone 27 Bip01 R Forearm
Created bone 28 Bip01 R Hand
Created bone 29 Bip01 Prop2
done.
func: load_skeleton took 0.179
Info: Import successful
loading C:\Program Files (x86)\Steam\steamapps\common\Kenshi\data\character\meshes\female_skeleton\female_skeleton.skeleton
Default bone length: 1.3658451663377957
Created bone 0 Bip01
Created bone 1 Bip01 Pelvis
Created bone 2 Bip01 L Thigh
Created bone 3 Bip01 L Calf
Created bone 4 Bip01 L Foot
Created bone 5 Bip01 L Toe0
Created bone 6 Bip01 L Toe0Nub
Created bone 7 Bip01 R Thigh
Created bone 8 Bip01 R Calf
Created bone 9 Bip01 R Foot
Created bone 10 Bip01 R Toe0
Created bone 11 Bip01 R Toe0Nub
Created bone 12 Bip01 Spine
Created bone 13 Bip01 Spine1
Created bone 14 Bip01 Spine2
Created bone 15 Bip01 L Clavicle
Created bone 16 Bip01 L UpperArm
Created bone 17 Bip01 L Forearm
Created bone 18 Bip01 L Hand
Created bone 19 Bip01 Prop1
Created bone 20 Bip01 Neck
Created bone 21 Bip01 Head
Created bone 22 Bip01 HeadNub
Created bone 23 Bip01 R Clavicle
Created bone 24 Bip01 R UpperArm
Created bone 25 Bip01 R Forearm
Created bone 26 Bip01 R Hand
Created bone 27 Bip01 Prop2
Created bone 28 L Boob
Created bone 29 R Boob
done.
func: load_skeleton took 0.179
Info: Import successful
loading C:\Program Files (x86)\Steam\steamapps\common\Kenshi\data\character\meshes\stick_person\Hive_Queen.skeleton
Default bone length: 1.3618191064168246
Created bone 0 Bip01
Created bone 1 Bip01 Pelvis
Created bone 2 Bip01 L Thigh
Created bone 3 Bip01 L Calf
Created bone 4 Bip01 L Foot
Created bone 5 Bip01 L Toe0
Created bone 6 Bip01 L Toe0Nub
Created bone 7 Bip01 R Thigh
Created bone 8 Bip01 R Calf
Created bone 9 Bip01 R Foot
Created bone 10 Bip01 R Toe0
Created bone 11 Bip01 R Toe0Nub
Created bone 12 Bip01 Spine
Created bone 13 Bip01 Spine1
Created bone 14 Bip01 Spine2
Created bone 15 Bip01 L Clavicle
Created bone 16 Bip01 L UpperArm
Created bone 17 Bip01 L Forearm
Created bone 18 Bip01 L Hand
Created bone 19 Bip01 Prop1
Created bone 20 Bip01 Neck
Created bone 21 Bip01 Head
Created bone 22 Bip01 HeadNub
Created bone 23 Bip01 Jaw
Created bone 24 Bip01 JawNub
Created bone 25 Bip01 R Clavicle
Created bone 26 Bip01 R UpperArm
Created bone 27 Bip01 R Forearm
Created bone 28 Bip01 R Hand
Created bone 29 Bip01 Prop2
done.
func: load_skeleton took 0.029
Info: Import successful
loading E:\AI_Playground\420\build\420_Smoking\assets\420_smoking_male.skeleton
Default bone length: 1.361818619292846
Created bone 0 Bip01
Created bone 1 Bip01 Pelvis
Created bone 2 Bip01 L Thigh
Created bone 3 Bip01 L Calf
Created bone 4 Bip01 L Foot
Created bone 5 Bip01 L Toe0
Created bone 6 Bip01 L Toe0Nub
Created bone 7 Bip01 R Thigh
Created bone 8 Bip01 R Calf
Created bone 9 Bip01 R Foot
Created bone 10 Bip01 R Toe0
Created bone 11 Bip01 R Toe0Nub
Created bone 12 Bip01 Spine
Created bone 13 Bip01 Spine1
Created bone 14 Bip01 Spine2
Created bone 15 Bip01 L Clavicle
Created bone 16 Bip01 L UpperArm
Created bone 17 Bip01 L Forearm
Created bone 18 Bip01 L Hand
Created bone 19 Bip01 Prop1
Created bone 20 Bip01 Neck
Created bone 21 Bip01 Head
Created bone 22 Bip01 HeadNub
Created bone 23 Bip01 Jaw
Created bone 24 Bip01 JawNub
Created bone 25 Bip01 R Clavicle
Created bone 26 Bip01 R UpperArm
Created bone 27 Bip01 R Forearm
Created bone 28 Bip01 R Hand
Created bone 29 Bip01 Prop2
done.
func: load_skeleton took 0.033
Info: Import successful
loading E:\AI_Playground\420\build\420_Smoking\assets\420_reclined_male.skeleton
Default bone length: 1.361818619292846
Created bone 0 Bip01
Created bone 1 Bip01 Pelvis
Created bone 2 Bip01 L Thigh
Created bone 3 Bip01 L Calf
Created bone 4 Bip01 L Foot
Created bone 5 Bip01 L Toe0
Created bone 6 Bip01 L Toe0Nub
Created bone 7 Bip01 R Thigh
Created bone 8 Bip01 R Calf
Created bone 9 Bip01 R Foot
Created bone 10 Bip01 R Toe0
Created bone 11 Bip01 R Toe0Nub
Created bone 12 Bip01 Spine
Created bone 13 Bip01 Spine1
Created bone 14 Bip01 Spine2
Created bone 15 Bip01 L Clavicle
Created bone 16 Bip01 L UpperArm
Created bone 17 Bip01 L Forearm
Created bone 18 Bip01 L Hand
Created bone 19 Bip01 Prop1
Created bone 20 Bip01 Neck
Created bone 21 Bip01 Head
Created bone 22 Bip01 HeadNub
Created bone 23 Bip01 Jaw
Created bone 24 Bip01 JawNub
Created bone 25 Bip01 R Clavicle
Created bone 26 Bip01 R UpperArm
Created bone 27 Bip01 R Forearm
Created bone 28 Bip01 R Hand
Created bone 29 Bip01 Prop2
done.
func: load_skeleton took 0.032
Info: Import successful
loading E:\AI_Playground\420\build\420_Smoking\assets\420_smoking_female.skeleton
Default bone length: 1.3658451260926494
Setting FPS to 25
Created bone 0 Bip01
Created bone 1 Bip01 Pelvis
Created bone 2 Bip01 L Thigh
Created bone 3 Bip01 L Calf
Created bone 4 Bip01 L Foot
Created bone 5 Bip01 L Toe0
Created bone 6 Bip01 L Toe0Nub
Created bone 7 Bip01 R Thigh
Created bone 8 Bip01 R Calf
Created bone 9 Bip01 R Foot
Created bone 10 Bip01 R Toe0
Created bone 11 Bip01 R Toe0Nub
Created bone 12 Bip01 Spine
Created bone 13 Bip01 Spine1
Created bone 14 Bip01 Spine2
Created bone 15 Bip01 L Clavicle
Created bone 16 Bip01 L UpperArm
Created bone 17 Bip01 L Forearm
Created bone 18 Bip01 L Hand
Created bone 19 Bip01 Prop1
Created bone 20 Bip01 Neck
Created bone 21 Bip01 Head
Created bone 22 Bip01 HeadNub
Created bone 23 Bip01 R Clavicle
Created bone 24 Bip01 R UpperArm
Created bone 25 Bip01 R Forearm
Created bone 26 Bip01 R Hand
Created bone 27 Bip01 Prop2
Created bone 28 L Boob
Created bone 29 R Boob
Created action 420_smoke_chillum
Created action 420_smoke_joint
done.
func: load_skeleton took 0.039
Info: Import successful
loading E:\AI_Playground\420\build\420_Smoking\assets\420_reclined_female.skeleton
Default bone length: 1.3658451260926494
Setting FPS to 25
Created bone 0 Bip01
Created bone 1 Bip01 Pelvis
Created bone 2 Bip01 L Thigh
Created bone 3 Bip01 L Calf
Created bone 4 Bip01 L Foot
Created bone 5 Bip01 L Toe0
Created bone 6 Bip01 L Toe0Nub
Created bone 7 Bip01 R Thigh
Created bone 8 Bip01 R Calf
Created bone 9 Bip01 R Foot
Created bone 10 Bip01 R Toe0
Created bone 11 Bip01 R Toe0Nub
Created bone 12 Bip01 Spine
Created bone 13 Bip01 Spine1
Created bone 14 Bip01 Spine2
Created bone 15 Bip01 L Clavicle
Created bone 16 Bip01 L UpperArm
Created bone 17 Bip01 L Forearm
Created bone 18 Bip01 L Hand
Created bone 19 Bip01 Prop1
Created bone 20 Bip01 Neck
Created bone 21 Bip01 Head
Created bone 22 Bip01 HeadNub
Created bone 23 Bip01 R Clavicle
Created bone 24 Bip01 R UpperArm
Created bone 25 Bip01 R Forearm
Created bone 26 Bip01 R Hand
Created bone 27 Bip01 Prop2
Created bone 28 L Boob
Created bone 29 R Boob
Created action 420_recline_chillum
Created action 420_recline_joint
done.
func: load_skeleton took 0.039
Info: Import successful
{"male": {"smoking": {"missing_bones": [], "parent_mismatches": []}, "reclined": {"missing_bones": [], "parent_mismatches": []}}, "female": {"smoking_female": {"missing_bones": [], "parent_mismatches": []}, "reclined_female": {"missing_bones": [], "parent_mismatches": []}}, "queen": {"smoking": {"missing_bones": [], "parent_mismatches": []}, "reclined": {"missing_bones": [], "parent_mismatches": []}}}
BlenderMCP server stopped
BlenderMCP addon unregistered

Blender quit
