0.000 RE_Kenshi: RE_Kenshi 0.3.5
0.000 RE_Kenshi: UEF registered successfully
0.007 RE_Kenshi: Loading settings file...
0.007 RE_Kenshi: Saving settings...
0.008 KenshiLib: KenshiLib 0.5.1
0.008 RE_Kenshi: Checking latest version...
0.017 KenshiLib: RVAs loaded
0.138 RE_Kenshi: VirtualAlloc2 found.
0.147 RE_Kenshi: Shader cache load start
0.162 RE_Kenshi: Shader cache loaded successfully, 185 cached shaders
0.501 RE_Kenshi: Latest public release: v0.3.5
0.523 RE_Kenshi: We are up to date.
0.558 RE_Kenshi: Finished synchronous init stage
0.558 RE_Kenshi: Waiting for mod setup.
3.048 RE_Kenshi: Loading preload plugins...
34.980 RE_Kenshi: First shader compile request
35.581 RE_Kenshi: Queueing Boot_Up_Game event
36.711 RE_Kenshi: Load mod hook
36.711 RE_Kenshi: Loading post-load plugins...
36.713 RE_Kenshi: 420_Smoking_RE -> SmokingSmoke.dll
37.034 RE_Kenshi: 420 Smoke: hooks installed; exhale window [7,10) seconds
37.035 RE_Kenshi: Registering LoadingListener
37.035 RE_Kenshi: Loading mod overrides from "420_Smoking_RE"...
37.047 RE_Kenshi: Loading init bank Init.bnk 1
37.170 RE_Kenshi: Force triggering Boot_Up_Game
37.998 RE_Kenshi: Heightmap hooks queued...
37.998 RE_Kenshi: Opening fast heightmap...
38.006 RE_Kenshi: Fast heightmap mapped!
57.662 RE_Kenshi: Main menu loaded.
57.662 RE_Kenshi: Kenshi version: 1.0.65
57.662 RE_Kenshi: Kenshi platform: Steam
57.662 RE_Kenshi: Version supported.
Error 57.662 RE_Kenshi: Could not initialize UI
76.515 RE_Kenshi: Main menu loaded.
76.515 RE_Kenshi: Kenshi version: 1.0.65
76.515 RE_Kenshi: Kenshi platform: Steam
76.515 RE_Kenshi: Version supported.
Error 76.515 RE_Kenshi: Could not initialize UI
83.179 RE_Kenshi: Main menu loaded.
83.179 RE_Kenshi: Kenshi version: 1.0.65
83.179 RE_Kenshi: Kenshi platform: Steam
83.179 RE_Kenshi: Version supported.
83.179 RE_Kenshi: Kenshi 1.0.65 - x64 (Newland)
134.420 MyGUIEngine_x64: Game loading...
139.150 RE_Kenshi: In-game.
140.970 SmokingSmoke: 420 Smoke: billboard renderer ready
169.022 SmokingSmoke: 420 Smoke sample: 420_smoke_chillum t=1.53378 enabled=1 weight=1 wanted=0 stop=0 speed=1 masterSpeed=1 head=Vector3(68438.2, 1395.12, -70723.9) origin=Vector3(68439.7, 0, -70723.9) puffs=4 node=Vector3(0, 1382.08, 0) scale=Vector3(1, 1, 1) directHead=Vector3(-1.48844, 1395.12, -0.0129242) smokeNode=Vector3(-68439.7, 0, 70723.9) visible=1 mask=536870911
171.022 SmokingSmoke: 420 Smoke sample: 420_smoke_chillum t=3.53637 enabled=1 weight=1 wanted=0 stop=0 speed=1 masterSpeed=1 head=Vector3(68438.2, 1395.1, -70723.9) origin=Vector3(68439.7, 0, -70723.9) puffs=7 node=Vector3(0, 1382.08, 0) scale=Vector3(1, 1, 1) directHead=Vector3(-1.49771, 1395.1, -0.0663548) smokeNode=Vector3(-68439.7, 0, 70723.9) visible=1 mask=536870911
173.174 SmokingSmoke: 420 Smoke sample: 420_smoke_chillum t=5.55677 enabled=1 weight=1 wanted=0 stop=0 speed=1 masterSpeed=1 head=Vector3(68438.2, 1395.14, -70723.9) origin=Vector3(68439.7, 0, -70723.9) puffs=7 node=Vector3(0, 1382.08, 0) scale=Vector3(1, 1, 1) directHead=Vector3(-1.43655, 1395.14, -0.0409982) smokeNode=Vector3(-68439.7, 0, 70723.9) visible=1 mask=536870911
175.228 SmokingSmoke: 420 Smoke sample: 420_smoke_chillum t=7.56458 enabled=1 weight=1 wanted=0 stop=0 speed=1 masterSpeed=1 head=Vector3(68438.2, 1395.11, -70723.9) origin=Vector3(68439.7, 0, -70723.9) puffs=13 node=Vector3(0, 1382.08, 0) scale=Vector3(1, 1, 1) directHead=Vector3(-1.48321, 1395.11, -0.0363658) smokeNode=Vector3(-68439.7, 0, 70723.9) visible=1 mask=536870911
177.229 SmokingSmoke: 420 Smoke sample: 420_smoke_chillum t=9.57116 enabled=1 weight=1 wanted=0 stop=0 speed=1 masterSpeed=1 head=Vector3(68438.2, 1395.12, -70723.9) origin=Vector3(68439.7, 0, -70723.9) puffs=28 node=Vector3(0, 1382.08, 0) scale=Vector3(1, 1, 1) directHead=Vector3(-1.46555, 1395.12, -0.0478695) smokeNode=Vector3(-68439.7, 0, 70723.9) visible=1 mask=536870911
179.222 SmokingSmoke: 420 Smoke sample: 420_smoke_chillum t=11.5724 enabled=1 weight=1 wanted=0 stop=0 speed=1 masterSpeed=1 head=Vector3(68438.2, 1395.14, -70723.9) origin=Vector3(68439.7, 0, -70723.9) puffs=10 node=Vector3(0, 1382.08, 0) scale=Vector3(1, 1, 1) directHead=Vector3(-1.4538, 1395.14, -0.0661659) smokeNode=Vector3(-68439.7, 0, 70723.9) visible=1 mask=536870911
181.234 SmokingSmoke: 420 Smoke sample: 420_smoke_chillum t=1.58538 enabled=1 weight=1 wanted=0 stop=0 speed=1 masterSpeed=1 head=Vector3(68438.1, 1395.1, -70723.9) origin=Vector3(68439.7, 0, -70723.9) puffs=7 node=Vector3(0, 1382.08, 0) scale=Vector3(1, 1, 1) directHead=Vector3(-1.51771, 1395.1, -0.0433698) smokeNode=Vector3(-68439.7, 0, 70723.9) visible=1 mask=536870911
183.234 SmokingSmoke: 420 Smoke sample: 420_smoke_chillum t=3.58613 enabled=1 weight=1 wanted=0 stop=0 speed=1 masterSpeed=1 head=Vector3(68438.2, 1395.11, -70723.9) origin=Vector3(68439.7, 0, -70723.9) puffs=7 node=Vector3(0, 1382.08, 0) scale=Vector3(1, 1, 1) directHead=Vector3(-1.49856, 1395.11, -0.0470793) smokeNode=Vector3(-68439.7, 0, 70723.9) visible=1 mask=536870911
185.237 SmokingSmoke: 420 Smoke sample: 420_smoke_chillum t=5.58862 enabled=1 weight=1 wanted=0 stop=0 speed=1 masterSpeed=1 head=Vector3(68438.1, 1395.06, -70723.9) origin=Vector3(68439.7, 0, -70723.9) puffs=7 node=Vector3(0, 1382.08, 0) scale=Vector3(1, 1, 1) directHead=Vector3(-1.58302, 1395.06, -0.0346214) smokeNode=Vector3(-68439.7, 0, 70723.9) visible=1 mask=536870911
187.238 SmokingSmoke: 420 Smoke sample: 420_smoke_chillum t=7.58878 enabled=1 weight=1 wanted=0 stop=0 speed=1 masterSpeed=1 head=Vector3(68438.2, 1395.13, -70723.9) origin=Vector3(68439.7, 0, -70723.9) puffs=14 node=Vector3(0, 1382.08, 0) scale=Vector3(1, 1, 1) directHead=Vector3(-1.45437, 1395.13, -0.0364013) smokeNode=Vector3(-68439.7, 0, 70723.9) visible=1 mask=536870911
189.239 SmokingSmoke: 420 Smoke sample: 420_smoke_chillum t=9.59015 enabled=1 weight=1 wanted=0 stop=0 speed=1 masterSpeed=1 head=Vector3(68438.2, 1395.11, -70723.9) origin=Vector3(68439.7, 0, -70723.9) puffs=29 node=Vector3(0, 1382.08, 0) scale=Vector3(1, 1, 1) directHead=Vector3(-1.48386, 1395.11, -0.0588886) smokeNode=Vector3(-68439.7, 0, 70723.9) visible=1 mask=536870911
191.258 SmokingSmoke: 420 Smoke sample: 420_smoke_chillum t=11.5933 enabled=1 weight=1 wanted=0 stop=0 speed=1 masterSpeed=1 head=Vector3(68438.2, 1395.11, -70723.9) origin=Vector3(68439.7, 0, -70723.9) puffs=10 node=Vector3(0, 1382.08, 0) scale=Vector3(1, 1, 1) directHead=Vector3(-1.47819, 1395.11, -0.0358734) smokeNode=Vector3(-68439.7, 0, 70723.9) visible=1 mask=536870911
