0.000 RE_Kenshi: RE_Kenshi 0.3.5
0.000 RE_Kenshi: --norestart
0.000 RE_Kenshi: UEF registered successfully
0.002 RE_Kenshi: Loading settings file...
0.002 RE_Kenshi: Saving settings...
0.003 KenshiLib: KenshiLib 0.5.1
0.003 RE_Kenshi: Checking latest version...
0.004 KenshiLib: RVAs loaded
0.116 RE_Kenshi: VirtualAlloc2 found.
0.117 RE_Kenshi: Shader cache load start
0.132 RE_Kenshi: Shader cache loaded successfully, 185 cached shaders
0.517 RE_Kenshi: Finished synchronous init stage
0.517 RE_Kenshi: Waiting for mod setup.
1.612 RE_Kenshi: Latest public release: v0.3.5
1.612 RE_Kenshi: We are up to date.
1.617 RE_Kenshi: Loading preload plugins...
50.385 RE_Kenshi: First shader compile request
50.760 RE_Kenshi: Queueing Boot_Up_Game event
51.809 RE_Kenshi: Load mod hook
51.809 RE_Kenshi: Loading post-load plugins...
51.810 RE_Kenshi: 420_Smoking_RE -> SmokingSmoke.dll
52.162 RE_Kenshi: 420 Smoke: hooks installed; exhale window [7,10) seconds
52.162 RE_Kenshi: Registering LoadingListener
52.163 RE_Kenshi: Loading mod overrides from "420_Smoking_RE"...
52.164 RE_Kenshi: Loading init bank Init.bnk 1
52.236 RE_Kenshi: Force triggering Boot_Up_Game
52.356 RE_Kenshi: Heightmap hooks queued...
52.356 RE_Kenshi: Opening fast heightmap...
52.363 RE_Kenshi: Fast heightmap mapped!
72.080 RE_Kenshi: Main menu loaded.
72.080 RE_Kenshi: Kenshi version: 1.0.65
72.080 RE_Kenshi: Kenshi platform: Steam
72.080 RE_Kenshi: Version supported.
Error 72.080 RE_Kenshi: Could not initialize UI
87.699 RE_Kenshi: Main menu loaded.
87.699 RE_Kenshi: Kenshi version: 1.0.65
87.699 RE_Kenshi: Kenshi platform: Steam
87.699 RE_Kenshi: Version supported.
Error 87.699 RE_Kenshi: Could not initialize UI
94.025 RE_Kenshi: Main menu loaded.
94.025 RE_Kenshi: Kenshi version: 1.0.65
94.025 RE_Kenshi: Kenshi platform: Steam
94.025 RE_Kenshi: Version supported.
94.025 RE_Kenshi: Kenshi 1.0.65 - x64 (Newland)
180.103 RE_Kenshi: In-game.
181.645 SmokingSmoke: 420 Smoke: billboard renderer ready
199.225 SmokingSmoke: 420 Smoke sample: 420_smoke_chillum t=1.55097 enabled=1 weight=1 wanted=0 stop=0 speed=1 masterSpeed=1 head=Vector3(68438.2, 1395.12, -70723.9) origin=Vector3(68439.7, 0, -70723.9) puffs=4 node=Vector3(0, 1382.08, 0) scale=Vector3(1, 1, 1) directHead=Vector3(-1.48108, 1395.12, -0.0169181)
201.225 SmokingSmoke: 420 Smoke sample: 420_smoke_chillum t=3.55198 enabled=1 weight=1 wanted=0 stop=0 speed=1 masterSpeed=1 head=Vector3(68438.2, 1395.11, -70723.9) origin=Vector3(68439.7, 0, -70723.9) puffs=7 node=Vector3(0, 1382.08, 0) scale=Vector3(1, 1, 1) directHead=Vector3(-1.49307, 1395.11, -0.0600671)
203.269 SmokingSmoke: 420 Smoke sample: 420_smoke_chillum t=5.57158 enabled=1 weight=1 wanted=0 stop=0 speed=1 masterSpeed=1 head=Vector3(68438.2, 1395.13, -70723.9) origin=Vector3(68439.7, 0, -70723.9) puffs=7 node=Vector3(0, 1382.08, 0) scale=Vector3(1, 1, 1) directHead=Vector3(-1.4515, 1395.13, -0.0354987)
205.265 SmokingSmoke: 420 Smoke sample: 420_smoke_chillum t=7.57204 enabled=1 weight=1 wanted=0 stop=0 speed=1 masterSpeed=1 head=Vector3(68438.2, 1395.14, -70723.9) origin=Vector3(68439.7, 0, -70723.9) puffs=13 node=Vector3(0, 1382.08, 0) scale=Vector3(1, 1, 1) directHead=Vector3(-1.44653, 1395.14, -0.0459638)
207.267 SmokingSmoke: 420 Smoke sample: 420_smoke_chillum t=9.57325 enabled=1 weight=1 wanted=0 stop=0 speed=1 masterSpeed=1 head=Vector3(68438.2, 1395.12, -70723.9) origin=Vector3(68439.7, 0, -70723.9) puffs=28 node=Vector3(0, 1382.08, 0) scale=Vector3(1, 1, 1) directHead=Vector3(-1.47695, 1395.12, -0.0391332)
209.268 SmokingSmoke: 420 Smoke sample: 420_smoke_chillum t=11.575 enabled=1 weight=1 wanted=0 stop=0 speed=1 masterSpeed=1 head=Vector3(68438.2, 1395.14, -70723.9) origin=Vector3(68439.7, 0, -70723.9) puffs=10 node=Vector3(0, 1382.08, 0) scale=Vector3(1, 1, 1) directHead=Vector3(-1.45496, 1395.14, -0.0863095)
211.269 SmokingSmoke: 420 Smoke sample: 420_smoke_chillum t=1.57535 enabled=1 weight=1 wanted=0 stop=0 speed=1 masterSpeed=1 head=Vector3(68438.2, 1395.11, -70723.9) origin=Vector3(68439.7, 0, -70723.9) puffs=7 node=Vector3(0, 1382.08, 0) scale=Vector3(1, 1, 1) directHead=Vector3(-1.50835, 1395.11, -0.030149)
213.269 SmokingSmoke: 420 Smoke sample: 420_smoke_chillum t=3.57682 enabled=1 weight=1 wanted=0 stop=0 speed=1 masterSpeed=1 head=Vector3(68438.1, 1395.08, -70723.9) origin=Vector3(68439.7, 0, -70723.9) puffs=7 node=Vector3(0, 1382.08, 0) scale=Vector3(1, 1, 1) directHead=Vector3(-1.54043, 1395.08, -0.0498242)
215.269 SmokingSmoke: 420 Smoke sample: 420_smoke_chillum t=5.57746 enabled=1 weight=1 wanted=0 stop=0 speed=1 masterSpeed=1 head=Vector3(68438.1, 1395.1, -70723.9) origin=Vector3(68439.7, 0, -70723.9) puffs=7 node=Vector3(0, 1382.08, 0) scale=Vector3(1, 1, 1) directHead=Vector3(-1.51358, 1395.1, 0.00164085)
217.273 SmokingSmoke: 420 Smoke sample: 420_smoke_chillum t=7.57815 enabled=1 weight=1 wanted=0 stop=0 speed=1 masterSpeed=1 head=Vector3(68438.2, 1395.11, -70723.9) origin=Vector3(68439.7, 0, -70723.9) puffs=13 node=Vector3(0, 1382.08, 0) scale=Vector3(1, 1, 1) directHead=Vector3(-1.48906, 1395.11, -0.0678382)
219.274 SmokingSmoke: 420 Smoke sample: 420_smoke_chillum t=9.58147 enabled=1 weight=1 wanted=0 stop=0 speed=1 masterSpeed=1 head=Vector3(68438.2, 1395.16, -70723.9) origin=Vector3(68439.7, 0, -70723.9) puffs=28 node=Vector3(0, 1382.08, 0) scale=Vector3(1, 1, 1) directHead=Vector3(-1.42378, 1395.16, -0.0331349)
221.277 SmokingSmoke: 420 Smoke sample: 420_smoke_chillum t=11.5825 enabled=1 weight=1 wanted=0 stop=0 speed=1 masterSpeed=1 head=Vector3(68438.2, 1395.11, -70723.9) origin=Vector3(68439.7, 0, -70723.9) puffs=10 node=Vector3(0, 1382.08, 0) scale=Vector3(1, 1, 1) directHead=Vector3(-1.49372, 1395.11, -0.0341258)
