0.000 RE_Kenshi: RE_Kenshi 0.3.5
0.001 RE_Kenshi: UEF registered successfully
0.008 RE_Kenshi: Loading settings file...
0.008 RE_Kenshi: Saving settings...
0.009 KenshiLib: KenshiLib 0.5.1
0.009 RE_Kenshi: Checking latest version...
0.009 KenshiLib: RVAs loaded
0.110 RE_Kenshi: VirtualAlloc2 found.
0.118 RE_Kenshi: Shader cache load start
0.127 RE_Kenshi: Shader cache loaded successfully, 144 cached shaders
0.589 RE_Kenshi: Finished synchronous init stage
0.589 RE_Kenshi: Waiting for mod setup.
1.627 RE_Kenshi: Loading preload plugins...
2.410 RE_Kenshi: Latest public release: v0.3.5
2.410 RE_Kenshi: We are up to date.
24.351 RE_Kenshi: First shader compile request
24.748 RE_Kenshi: Queueing Boot_Up_Game event
25.741 RE_Kenshi: Load mod hook
25.741 RE_Kenshi: Loading post-load plugins...
25.743 RE_Kenshi: 420_Smoking_RE -> SmokingSmoke.dll
26.021 RE_Kenshi: 420 Smoke: hooks installed; exhale window [7,10) seconds
26.021 RE_Kenshi: Registering LoadingListener
26.022 RE_Kenshi: Loading mod overrides from "420_Smoking_RE"...
26.022 RE_Kenshi: Loading init bank Init.bnk 1
26.093 RE_Kenshi: Force triggering Boot_Up_Game
26.212 RE_Kenshi: Heightmap hooks queued...
26.212 RE_Kenshi: Opening fast heightmap...
26.213 RE_Kenshi: Fast heightmap mapped!
45.753 RE_Kenshi: Main menu loaded.
45.753 RE_Kenshi: Kenshi version: 1.0.65
45.753 RE_Kenshi: Kenshi platform: Steam
45.753 RE_Kenshi: Version supported.
Error 45.753 RE_Kenshi: Could not initialize UI
61.432 RE_Kenshi: Main menu loaded.
61.432 RE_Kenshi: Kenshi version: 1.0.65
61.432 RE_Kenshi: Kenshi platform: Steam
61.432 RE_Kenshi: Version supported.
Error 61.432 RE_Kenshi: Could not initialize UI
67.920 RE_Kenshi: Main menu loaded.
67.921 RE_Kenshi: Kenshi version: 1.0.65
67.921 RE_Kenshi: Kenshi platform: Steam
67.921 RE_Kenshi: Version supported.
67.921 RE_Kenshi: Kenshi 1.0.65 - x64 (Newland)
191.516 RE_Kenshi: In-game.
193.200 SmokingSmoke: 420 Smoke: billboard renderer ready
