Blender 4.5.13 LTS (hash daeeeca98fb0 built 2026-08-25 01:50:50)
Read blend: "E:\AI_Playground\420\assets\smoking_animation_work.blend"
loop:4416 vertex:4337
reduce 79 vertices.
Terminate Serializer
loop:1440 vertex:1338
reduce 102 vertices.
Terminate Serializer
BlenderMCP: cannot start server in background mode (blender -b) - commands would never execute
BlenderMCP: run Blender with a GUI, or use a virtual display: xvfb-run -a blender
BlenderMCP addon registered
saving...
E:\AI_Playground\420\build\420_Smoking\assets\420_chillum_lit.mesh
Export mesh 420_chillum_lit
done.
func: save took 0.020
Info: Export successful
saving...
E:\AI_Playground\420\build\420_Smoking\assets\420_joint_lit.mesh
Export mesh 420_joint_lit
done.
func: save took 0.006
Info: Export successful
{'chillum': {'mesh': '420_chillum_lit.mesh', 'tip_local_z': 1.79, 'added_faces': 64, 'mode': 'static alpha-tested wisp, no particles'}, 'joint': {'mesh': '420_joint_lit.mesh', 'tip_local_z': 1.23, 'added_faces': 64, 'mode': 'static alpha-tested wisp, no particles'}}
BlenderMCP server stopped
BlenderMCP addon unregistered

Blender quit
